[C:/Users/Gökay Güler/Desktop/2/asd/postimg.cc/8J115PXS.html]
[C:/Users/Gökay Güler/Desktop/2/asd/backblue.gif]
[C:/Users/Gökay Güler/Desktop/2/asd/fade.gif]
[C:/Users/Gökay Güler/Desktop/2/asd/index.html]
[C:/Users/Gökay Güler/Desktop/2/asd/use.fontawesome.com/releases/v5.6.3/css/all.css]
[C:/Users/Gökay Güler/Desktop/2/asd/discordapp.com/oauth2/authorize551c.html]
[C:/Users/Gökay Güler/Desktop/2/asd/postimg.cc/ygWbnMkR.html]
[C:/Users/Gökay Güler/Desktop/2/asd/cdn.discordapp.com/email_assets/f0a4cc6d7aaa7bdf2a3c15a193c6d224.png]
[C:/Users/Gökay Güler/Desktop/2/asd/postimg.cc/yJGP6k8J.html]
[C:/Users/Gökay Güler/Desktop/2/asd/discordapp.com/widget853c.html]
[C:/Users/Gökay Güler/Desktop/2/asd/discordapp.com/invite/5syZwjN.html]
[C:/Users/Gökay Güler/Desktop/2/asd/xir.glitch.me/index.html]
[C:/Users/Gökay Güler/Desktop/2/asd/www.instagram.com/same.ttt/index.html]
[C:/Users/Gökay Güler/Desktop/2/asd/external.html]
[C:/Users/Gökay Güler/Desktop/2/asd/fonts.googleapis.com/css8b01.css]
